/*:
 * @target MZ
 * @author Me
 * @plugindesc Minimal metadata
 * @help This is a minimal metadata file.
 */
